// Jest Snapshot v1, https://goo.gl/fbAQLP

exports[`Should render the expense dashboard page 1`] = `
<div>
  <Connect(ExpensesSummary) />
  <Connect(ExpenseListFIlters) />
  <Connect(ExpenseList) />
</div>
`;
